
Merging object attributes


There are no discarded input sections

Memory Configuration

Name             Origin             Length             Attributes
*default*        0x00000000         0xffffffff

Linker script and memory map

LOAD build/kernel.asm.o
LOAD build/kernel.o
LOAD build/console.o
LOAD build/printk.o
LOAD build/panic.o
LOAD build/gdt.o
LOAD build/traps.o
LOAD build/asm.asm.o
LOAD build/ioport.asm.o
LOAD build/pic.o
LOAD build/sched.o

.note.gnu.build-id
 *(.note.gnu.build-id)

.interp
 *(.interp)

.hash
 *(.hash)

.gnu.hash
 *(.gnu.hash)

.dynsym
 *(.dynsym)

.dynstr
 *(.dynstr)

.gnu.version
 *(.gnu.version)

.gnu.version_d
 *(.gnu.version_d)

.gnu.version_r
 *(.gnu.version_r)

.rel.init
 *(.rel.init)

.rel.text
 *(.rel.text)

.rel.fini
 *(.rel.fini)

.rel.rodata
 *(.rel.rodata)

.rel.data.rel.ro
 *(.rel.data.rel.ro)

.rel.data
 *(.rel.data)

.rel.tdata
 *(.rel.tdata)

.rel.tbss
 *(.rel.tbss)

.rel.ctors
 *(.rel.ctors)

.rel.dtors
 *(.rel.dtors)

.rel.got
 *(.rel.got)

.rel.tls
 *(.rel.tls)

.rel.bss
 *(.rel.bss)

.rel.ifunc
 *(.rel.ifunc)

.rel.plt
 *(.rel.plt)

.relr.dyn
 *(.relr.dyn)

.init
 *(SORT_NONE(.init))

.plt
 *(.plt)

.plt.got
 *(.plt.got)

.plt.sec
 *(.plt.sec)

.text           0x00000000      0x675
 *(.text .stub)
 .text          0x00000000       0x17 build/kernel.asm.o
                0x00000000                _start
 .text          0x00000017       0xb5 build/kernel.o
                0x00000017                task3
                0x00000029                task2
                0x0000003b                task1
                0x0000004d                kernel_main
 .text          0x000000cc       0xaa build/console.o
                0x000000cc                put_cxy
                0x000000e9                clear
                0x00000116                ConsoleInstall
                0x00000122                put_c
 .text          0x00000176      0x11b build/printk.o
                0x00000176                prin
                0x000001a5                printk
 .text          0x00000291       0x11 build/panic.o
                0x00000291                panic
 .text          0x000002a2       0xa2 build/gdt.o
                0x000002a2                setGdtDescriptor
                0x000002f5                GdtInstall
 .text          0x00000344       0xfd build/traps.o
                0x00000344                setIdtDescriptor
                0x0000037d                divide_by_zero_error
                0x0000038e                keyboard_handler
                0x000003aa                clock_handler
                0x000003f0                TrapsInstall
 *fill*         0x00000441        0xf 
 .text          0x00000450       0x1c build/asm.asm.o
                0x00000450                divide_by_zero_error_stub
                0x00000458                keyboard_handler_stub
                0x00000460                clock_handler_stub
 *fill*         0x0000046c        0x4 
 .text          0x00000470       0x41 build/ioport.asm.o
                0x00000470                insb
                0x00000479                insw
                0x00000483                inl
                0x0000048c                outb
                0x00000498                outw
                0x000004a5                outl
 .text          0x000004b1       0x69 build/pic.o
                0x000004b1                remapPIC
 .text          0x0000051a      0x15b build/sched.o
                0x0000051a                blank
                0x0000051d                initTask
                0x00000573                saveContext
                0x000005ac                exec
                0x000005cd                schedule
 *(.gnu.warning)

.fini
 *(SORT_NONE(.fini))

.rodata
 *(.rodata)

.rodata.str1.1  0x00000000      0x116
 .rodata.str1.1
                0x00000000       0x37 build/kernel.o
 .rodata.str1.1
                0x00000037       0x48 build/printk.o
 .rodata.str1.1
                0x0000007f       0x50 build/traps.o
 .rodata.str1.1
                0x000000cf       0x47 build/sched.o

.rodata1
 *(.rodata1)

.eh_frame_hdr
 *(.eh_frame_hdr)

.eh_frame
 *(.eh_frame)

.sframe
 *(.sframe)

.gcc_except_table
 *(.gcc_except_table)

.gnu_extab
 *(.gnu_extab*)

.exception_ranges
 *(.exception_ranges)

.eh_frame
 *(.eh_frame)

.sframe
 *(.sframe)

.gnu_extab
 *(.gnu_extab)

.gcc_except_table
 *(.gcc_except_table)

.exception_ranges
 *(.exception_ranges)

.tdata
 *(.tdata)

.tbss
 *(.tbss)

.jcr
 *(.jcr)

.dynamic
 *(.dynamic)

.got
 *(.got)

.got.plt
 *(.got.plt)

.data           0x00000000        0x8
 *(.data)
 .data          0x00000000        0x0 build/kernel.o
 .data          0x00000000        0x0 build/console.o
 .data          0x00000000        0x0 build/printk.o
 .data          0x00000000        0x0 build/panic.o
 .data          0x00000000        0x0 build/gdt.o
 .data          0x00000000        0x0 build/traps.o
 .data          0x00000000        0x0 build/pic.o
 .data          0x00000000        0x8 build/sched.o
                0x00000000                next
                0x00000004                current

.data1
 *(.data1)

.bss            0x00000000    0x11740
 *(.bss)
 .bss           0x00000000        0x0 build/kernel.o
 .bss           0x00000000        0xc build/console.o
                0x00000000                vga
                0x00000008                framebuffer
 .bss           0x0000000c        0x0 build/printk.o
 .bss           0x0000000c        0x0 build/panic.o
 *fill*         0x0000000c        0x4 
 .bss           0x00000010    0x10006 build/gdt.o
                0x00000010                gdt_table
                0x00010010                gdtr
 *fill*         0x00010016        0x2 
 .bss           0x00010018      0x80e build/traps.o
                0x00010018                ticks
                0x00010020                idt_table
                0x00010820                idtr
 .bss           0x00010826        0x0 build/pic.o
 *fill*         0x00010826       0x1a 
 .bss           0x00010840      0xf00 build/sched.o
                0x00010840                tasks

.stab
 *(.stab)

.stabstr
 *(.stabstr)

.stab.excl
 *(.stab.excl)

.stab.exclstr
 *(.stab.exclstr)

.stab.index
 *(.stab.index)

.stab.indexstr
 *(.stab.indexstr)

.comment        0x00000000       0x98
 *(.comment)
 .comment       0x00000000       0x13 build/kernel.o
 .comment       0x00000013       0x13 build/console.o
 .comment       0x00000026       0x13 build/printk.o
 .comment       0x00000039       0x13 build/panic.o
 .comment       0x0000004c       0x13 build/gdt.o
 .comment       0x0000005f       0x13 build/traps.o
 .comment       0x00000072       0x13 build/pic.o
 .comment       0x00000085       0x13 build/sched.o

.gnu.build.attributes
 *(.gnu.build.attributes)

.debug
 *(.debug)

.line
 *(.line)

.debug_srcinfo
 *(.debug_srcinfo)

.debug_sfnames
 *(.debug_sfnames)

.debug_aranges  0x00000000      0x100
 *(.debug_aranges)
 .debug_aranges
                0x00000000       0x20 build/kernel.o
 .debug_aranges
                0x00000020       0x20 build/console.o
 .debug_aranges
                0x00000040       0x20 build/printk.o
 .debug_aranges
                0x00000060       0x20 build/panic.o
 .debug_aranges
                0x00000080       0x20 build/gdt.o
 .debug_aranges
                0x000000a0       0x20 build/traps.o
 .debug_aranges
                0x000000c0       0x20 build/pic.o
 .debug_aranges
                0x000000e0       0x20 build/sched.o

.debug_pubnames
 *(.debug_pubnames)

.debug_info     0x00000000     0x12ba
 *(.debug_info)
 .debug_info    0x00000000      0x2b5 build/kernel.o
 .debug_info    0x000002b5      0x15a build/console.o
 .debug_info    0x0000040f      0x365 build/printk.o
 .debug_info    0x00000774       0x7c build/panic.o
 .debug_info    0x000007f0      0x2c9 build/gdt.o
 .debug_info    0x00000ab9      0x344 build/traps.o
 .debug_info    0x00000dfd       0xee build/pic.o
 .debug_info    0x00000eeb      0x3cf build/sched.o

.debug_abbrev   0x00000000      0x990
 *(.debug_abbrev)
 .debug_abbrev  0x00000000      0x12e build/kernel.o
 .debug_abbrev  0x0000012e       0xfa build/console.o
 .debug_abbrev  0x00000228      0x1d4 build/printk.o
 .debug_abbrev  0x000003fc       0x89 build/panic.o
 .debug_abbrev  0x00000485      0x161 build/gdt.o
 .debug_abbrev  0x000005e6      0x165 build/traps.o
 .debug_abbrev  0x0000074b       0x76 build/pic.o
 .debug_abbrev  0x000007c1      0x1cf build/sched.o

.debug_line     0x00000000      0x8b2
 *(.debug_line)
 .debug_line    0x00000000       0xfa build/kernel.o
 .debug_line    0x000000fa      0x12e build/console.o
 .debug_line    0x00000228      0x1f4 build/printk.o
 .debug_line    0x0000041c       0x64 build/panic.o
 .debug_line    0x00000480       0xf3 build/gdt.o
 .debug_line    0x00000573      0x103 build/traps.o
 .debug_line    0x00000676       0x70 build/pic.o
 .debug_line    0x000006e6      0x1cc build/sched.o

.debug_frame    0x00000000      0x478
 *(.debug_frame)
 .debug_frame   0x00000000       0xc0 build/kernel.o
 .debug_frame   0x000000c0       0x94 build/console.o
 .debug_frame   0x00000154       0xa8 build/printk.o
 .debug_frame   0x000001fc       0x30 build/panic.o
 .debug_frame   0x0000022c       0x50 build/gdt.o
 .debug_frame   0x0000027c       0xd0 build/traps.o
 .debug_frame   0x0000034c       0x84 build/pic.o
 .debug_frame   0x000003d0       0xa8 build/sched.o

.debug_str      0x00000000      0xcd4
 *(.debug_str)
 .debug_str     0x00000000      0x1cc build/kernel.o
 .debug_str     0x000001cc      0x116 build/console.o
 .debug_str     0x000002e2      0x1d3 build/printk.o
 .debug_str     0x000004b5       0xd8 build/panic.o
 .debug_str     0x0000058d      0x16b build/gdt.o
 .debug_str     0x000006f8      0x24c build/traps.o
 .debug_str     0x00000944      0x157 build/pic.o
 .debug_str     0x00000a9b      0x239 build/sched.o

.debug_loc
 *(.debug_loc)

.debug_macinfo
 *(.debug_macinfo)

.debug_weaknames
 *(.debug_weaknames)

.debug_funcnames
 *(.debug_funcnames)

.debug_typenames
 *(.debug_typenames)

.debug_varnames
 *(.debug_varnames)

.debug_pubtypes
 *(.debug_pubtypes)

.debug_ranges
 *(.debug_ranges)

.debug_addr
 *(.debug_addr)

.debug_line_str
                0x00000000      0x4a4
 *(.debug_line_str)
 .debug_line_str
                0x00000000       0xa0 build/kernel.o
 .debug_line_str
                0x000000a0       0x6a build/console.o
 .debug_line_str
                0x0000010a       0xdf build/printk.o
 .debug_line_str
                0x000001e9       0x77 build/panic.o
 .debug_line_str
                0x00000260       0x5e build/gdt.o
 .debug_line_str
                0x000002be       0x98 build/traps.o
 .debug_line_str
                0x00000356       0x71 build/pic.o
 .debug_line_str
                0x000003c7       0xdd build/sched.o

.debug_loclists
                0x00000000      0x359
 *(.debug_loclists)
 .debug_loclists
                0x00000000       0x27 build/kernel.o
 .debug_loclists
                0x00000027       0x44 build/console.o
 .debug_loclists
                0x0000006b      0x1fe build/printk.o
 .debug_loclists
                0x00000269       0x8d build/gdt.o
 .debug_loclists
                0x000002f6       0x1f build/traps.o
 .debug_loclists
                0x00000315       0x44 build/sched.o

.debug_macro
 *(.debug_macro)

.debug_names
 *(.debug_names)

.debug_rnglists
                0x00000000       0x76
 *(.debug_rnglists)
 .debug_rnglists
                0x00000000       0x13 build/console.o
 .debug_rnglists
                0x00000013       0x27 build/printk.o
 .debug_rnglists
                0x0000003a       0x25 build/gdt.o
 .debug_rnglists
                0x0000005f       0x17 build/sched.o

.debug_str_offsets
 *(.debug_str_offsets)

.debug_sup
 *(.debug_sup)

.gnu.attributes
 *(.gnu.attributes)
OUTPUT(build/kernelfull.o elf32-i386)
