
Merging object attributes


There are no discarded input sections

Memory Configuration

Name             Origin             Length             Attributes
*default*        0x00000000         0xffffffff

Linker script and memory map

LOAD build/kernel.asm.o
LOAD build/kernel.o
LOAD build/console.o
LOAD build/printk.o
LOAD build/panic.o
LOAD build/gdt.o
LOAD build/traps.o
LOAD build/asm.asm.o
LOAD build/ioport.asm.o
LOAD build/pic.o
LOAD build/sched.o

.note.gnu.build-id
 *(.note.gnu.build-id)

.interp
 *(.interp)

.hash
 *(.hash)

.gnu.hash
 *(.gnu.hash)

.dynsym
 *(.dynsym)

.dynstr
 *(.dynstr)

.gnu.version
 *(.gnu.version)

.gnu.version_d
 *(.gnu.version_d)

.gnu.version_r
 *(.gnu.version_r)

.rel.init
 *(.rel.init)

.rel.text
 *(.rel.text)

.rel.fini
 *(.rel.fini)

.rel.rodata
 *(.rel.rodata)

.rel.data.rel.ro
 *(.rel.data.rel.ro)

.rel.data
 *(.rel.data)

.rel.tdata
 *(.rel.tdata)

.rel.tbss
 *(.rel.tbss)

.rel.ctors
 *(.rel.ctors)

.rel.dtors
 *(.rel.dtors)

.rel.got
 *(.rel.got)

.rel.tls
 *(.rel.tls)

.rel.bss
 *(.rel.bss)

.rel.ifunc
 *(.rel.ifunc)

.rel.plt
 *(.rel.plt)

.relr.dyn
 *(.relr.dyn)

.init
 *(SORT_NONE(.init))

.plt
 *(.plt)

.plt.got
 *(.plt.got)

.plt.sec
 *(.plt.sec)

.text           0x00000000      0x856
 *(.text .stub)
 .text          0x00000000       0x17 build/kernel.asm.o
                0x00000000                _start
 .text          0x00000017       0xa7 build/kernel.o
                0x00000017                task3
                0x00000029                task2
                0x0000003b                task1
                0x0000004d                kernel_main
 .text          0x000000be       0xaa build/console.o
                0x000000be                put_cxy
                0x000000db                clear
                0x00000108                ConsoleInstall
                0x00000114                put_c
 .text          0x00000168      0x11b build/printk.o
                0x00000168                prin
                0x00000197                printk
 .text          0x00000283       0x11 build/panic.o
                0x00000283                panic
 .text          0x00000294       0xa2 build/gdt.o
                0x00000294                setGdtDescriptor
                0x000002e7                GdtInstall
 .text          0x00000336      0x32a build/traps.o
                0x00000336                double_fault
                0x00000347                debug
                0x00000358                nmi
                0x00000369                int3
                0x0000037a                overflow
                0x0000038b                bounds
                0x0000039c                invalid_op
                0x000003ad                device_not_available
                0x000003be                coprocessor_segment_overrun
                0x000003cf                invalid_tss
                0x000003e0                segment_not_present
                0x000003f1                stack_segment
                0x00000402                general_protection
                0x00000413                page_fault
                0x00000424                reserved
                0x00000435                coprocessor_error
                0x00000446                setIdtDescriptor
                0x0000047f                divide_by_zero_error
                0x00000490                keyboard_handler
                0x000004ac                clock_handler
                0x000004ed                TrapsInstall
 .text          0x00000660       0x27 build/asm.asm.o
                0x00000660                divide_by_zero_error_stub
                0x00000668                double_fault_stub
                0x00000673                keyboard_handler_stub
                0x0000067b                clock_handler_stub
 *fill*         0x00000687        0x9 
 .text          0x00000690       0x41 build/ioport.asm.o
                0x00000690                insb
                0x00000699                insw
                0x000006a3                inl
                0x000006ac                outb
                0x000006b8                outw
                0x000006c5                outl
 .text          0x000006d1       0x69 build/pic.o
                0x000006d1                remapPIC
 .text          0x0000073a      0x11c build/sched.o
                0x0000073a                blank
                0x0000073d                initTask
                0x0000079a                saveContext
                0x000007d9                exec
                0x000007ff                schedule
 *(.gnu.warning)

.fini
 *(SORT_NONE(.fini))

.rodata
 *(.rodata)

.rodata.str1.1  0x00000000      0x2d6
 .rodata.str1.1
                0x00000000       0x3f build/kernel.o
 .rodata.str1.1
                0x0000003f       0x48 build/printk.o
 .rodata.str1.1
                0x00000087      0x24f build/traps.o

.rodata1
 *(.rodata1)

.eh_frame_hdr
 *(.eh_frame_hdr)

.eh_frame
 *(.eh_frame)

.sframe
 *(.sframe)

.gcc_except_table
 *(.gcc_except_table)

.gnu_extab
 *(.gnu_extab*)

.exception_ranges
 *(.exception_ranges)

.eh_frame
 *(.eh_frame)

.sframe
 *(.sframe)

.gnu_extab
 *(.gnu_extab)

.gcc_except_table
 *(.gcc_except_table)

.exception_ranges
 *(.exception_ranges)

.tdata
 *(.tdata)

.tbss
 *(.tbss)

.jcr
 *(.jcr)

.dynamic
 *(.dynamic)

.got
 *(.got)

.got.plt
 *(.got.plt)

.data           0x00000000        0x8
 *(.data)
 .data          0x00000000        0x0 build/kernel.o
 .data          0x00000000        0x0 build/console.o
 .data          0x00000000        0x0 build/printk.o
 .data          0x00000000        0x0 build/panic.o
 .data          0x00000000        0x0 build/gdt.o
 .data          0x00000000        0x0 build/traps.o
 .data          0x00000000        0x0 build/pic.o
 .data          0x00000000        0x8 build/sched.o
                0x00000000                next
                0x00000004                current

.data1
 *(.data1)

.bss            0x00000000    0x11740
 *(.bss)
 .bss           0x00000000        0x0 build/kernel.o
 .bss           0x00000000        0xc build/console.o
                0x00000000                vga
                0x00000008                framebuffer
 .bss           0x0000000c        0x0 build/printk.o
 .bss           0x0000000c        0x0 build/panic.o
 *fill*         0x0000000c        0x4 
 .bss           0x00000010    0x10006 build/gdt.o
                0x00000010                gdt_table
                0x00010010                gdtr
 *fill*         0x00010016        0x2 
 .bss           0x00010018      0x80e build/traps.o
                0x00010018                ticks
                0x00010020                idt_table
                0x00010820                idtr
 .bss           0x00010826        0x0 build/pic.o
 *fill*         0x00010826       0x1a 
 .bss           0x00010840      0xf00 build/sched.o
                0x00010840                tasks

.stab
 *(.stab)

.stabstr
 *(.stabstr)

.stab.excl
 *(.stab.excl)

.stab.exclstr
 *(.stab.exclstr)

.stab.index
 *(.stab.index)

.stab.indexstr
 *(.stab.indexstr)

.comment        0x00000000       0x98
 *(.comment)
 .comment       0x00000000       0x13 build/kernel.o
 .comment       0x00000013       0x13 build/console.o
 .comment       0x00000026       0x13 build/printk.o
 .comment       0x00000039       0x13 build/panic.o
 .comment       0x0000004c       0x13 build/gdt.o
 .comment       0x0000005f       0x13 build/traps.o
 .comment       0x00000072       0x13 build/pic.o
 .comment       0x00000085       0x13 build/sched.o

.gnu.build.attributes
 *(.gnu.build.attributes)

.debug
 *(.debug)

.line
 *(.line)

.debug_srcinfo
 *(.debug_srcinfo)

.debug_sfnames
 *(.debug_sfnames)

.debug_aranges  0x00000000      0x100
 *(.debug_aranges)
 .debug_aranges
                0x00000000       0x20 build/kernel.o
 .debug_aranges
                0x00000020       0x20 build/console.o
 .debug_aranges
                0x00000040       0x20 build/printk.o
 .debug_aranges
                0x00000060       0x20 build/panic.o
 .debug_aranges
                0x00000080       0x20 build/gdt.o
 .debug_aranges
                0x000000a0       0x20 build/traps.o
 .debug_aranges
                0x000000c0       0x20 build/pic.o
 .debug_aranges
                0x000000e0       0x20 build/sched.o

.debug_pubnames
 *(.debug_pubnames)

.debug_info     0x00000000     0x14ce
 *(.debug_info)
 .debug_info    0x00000000      0x292 build/kernel.o
 .debug_info    0x00000292      0x15a build/console.o
 .debug_info    0x000003ec      0x365 build/printk.o
 .debug_info    0x00000751       0x7c build/panic.o
 .debug_info    0x000007cd      0x2c9 build/gdt.o
 .debug_info    0x00000a96      0x5b6 build/traps.o
 .debug_info    0x0000104c       0xee build/pic.o
 .debug_info    0x0000113a      0x394 build/sched.o

.debug_abbrev   0x00000000      0x984
 *(.debug_abbrev)
 .debug_abbrev  0x00000000      0x12d build/kernel.o
 .debug_abbrev  0x0000012d       0xfa build/console.o
 .debug_abbrev  0x00000227      0x1d4 build/printk.o
 .debug_abbrev  0x000003fb       0x89 build/panic.o
 .debug_abbrev  0x00000484      0x161 build/gdt.o
 .debug_abbrev  0x000005e5      0x180 build/traps.o
 .debug_abbrev  0x00000765       0x76 build/pic.o
 .debug_abbrev  0x000007db      0x1a9 build/sched.o

.debug_line     0x00000000      0x9b6
 *(.debug_line)
 .debug_line    0x00000000       0xf9 build/kernel.o
 .debug_line    0x000000f9      0x12e build/console.o
 .debug_line    0x00000227      0x1f4 build/printk.o
 .debug_line    0x0000041b       0x64 build/panic.o
 .debug_line    0x0000047f       0xf3 build/gdt.o
 .debug_line    0x00000572      0x228 build/traps.o
 .debug_line    0x0000079a       0x70 build/pic.o
 .debug_line    0x0000080a      0x1ac build/sched.o

.debug_frame    0x00000000      0x688
 *(.debug_frame)
 .debug_frame   0x00000000       0xb0 build/kernel.o
 .debug_frame   0x000000b0       0x94 build/console.o
 .debug_frame   0x00000144       0xa8 build/printk.o
 .debug_frame   0x000001ec       0x30 build/panic.o
 .debug_frame   0x0000021c       0x50 build/gdt.o
 .debug_frame   0x0000026c      0x32c build/traps.o
 .debug_frame   0x00000598       0x84 build/pic.o
 .debug_frame   0x0000061c       0x6c build/sched.o

.debug_str      0x00000000      0xd82
 *(.debug_str)
 .debug_str     0x00000000      0x1c4 build/kernel.o
 .debug_str     0x000001c4      0x116 build/console.o
 .debug_str     0x000002da      0x1d3 build/printk.o
 .debug_str     0x000004ad       0xd8 build/panic.o
 .debug_str     0x00000585      0x16b build/gdt.o
 .debug_str     0x000006f0      0x30e build/traps.o
 .debug_str     0x000009fe      0x157 build/pic.o
 .debug_str     0x00000b55      0x22d build/sched.o

.debug_loc
 *(.debug_loc)

.debug_macinfo
 *(.debug_macinfo)

.debug_weaknames
 *(.debug_weaknames)

.debug_funcnames
 *(.debug_funcnames)

.debug_typenames
 *(.debug_typenames)

.debug_varnames
 *(.debug_varnames)

.debug_pubtypes
 *(.debug_pubtypes)

.debug_ranges
 *(.debug_ranges)

.debug_addr
 *(.debug_addr)

.debug_line_str
                0x00000000      0x49b
 *(.debug_line_str)
 .debug_line_str
                0x00000000       0xa0 build/kernel.o
 .debug_line_str
                0x000000a0       0x6a build/console.o
 .debug_line_str
                0x0000010a       0xdf build/printk.o
 .debug_line_str
                0x000001e9       0x77 build/panic.o
 .debug_line_str
                0x00000260       0x5e build/gdt.o
 .debug_line_str
                0x000002be       0x98 build/traps.o
 .debug_line_str
                0x00000356       0x71 build/pic.o
 .debug_line_str
                0x000003c7       0xd4 build/sched.o

.debug_loclists
                0x00000000      0x351
 *(.debug_loclists)
 .debug_loclists
                0x00000000       0x27 build/kernel.o
 .debug_loclists
                0x00000027       0x44 build/console.o
 .debug_loclists
                0x0000006b      0x1fe build/printk.o
 .debug_loclists
                0x00000269       0x8d build/gdt.o
 .debug_loclists
                0x000002f6       0x21 build/traps.o
 .debug_loclists
                0x00000317       0x3a build/sched.o

.debug_macro
 *(.debug_macro)

.debug_names
 *(.debug_names)

.debug_rnglists
                0x00000000       0x5f
 *(.debug_rnglists)
 .debug_rnglists
                0x00000000       0x13 build/console.o
 .debug_rnglists
                0x00000013       0x27 build/printk.o
 .debug_rnglists
                0x0000003a       0x25 build/gdt.o

.debug_str_offsets
 *(.debug_str_offsets)

.debug_sup
 *(.debug_sup)

.gnu.attributes
 *(.gnu.attributes)
OUTPUT(build/kernelfull.o elf32-i386)
