
Merging object attributes


There are no discarded input sections

Memory Configuration

Name             Origin             Length             Attributes
*default*        0x00000000         0xffffffff

Linker script and memory map

LOAD build/kernel.asm.o
LOAD build/kernel.o
LOAD build/console.o
LOAD build/printk.o
LOAD build/panic.o
LOAD build/gdt.o
LOAD build/traps.o
LOAD build/asm.asm.o
LOAD build/ioport.asm.o
LOAD build/pic.o
LOAD build/sched.o
LOAD build/signal.o

.note.gnu.build-id
 *(.note.gnu.build-id)

.interp
 *(.interp)

.hash
 *(.hash)

.gnu.hash
 *(.gnu.hash)

.dynsym
 *(.dynsym)

.dynstr
 *(.dynstr)

.gnu.version
 *(.gnu.version)

.gnu.version_d
 *(.gnu.version_d)

.gnu.version_r
 *(.gnu.version_r)

.rel.init
 *(.rel.init)

.rel.text
 *(.rel.text)

.rel.fini
 *(.rel.fini)

.rel.rodata
 *(.rel.rodata)

.rel.data.rel.ro
 *(.rel.data.rel.ro)

.rel.data
 *(.rel.data)

.rel.tdata
 *(.rel.tdata)

.rel.tbss
 *(.rel.tbss)

.rel.ctors
 *(.rel.ctors)

.rel.dtors
 *(.rel.dtors)

.rel.got
 *(.rel.got)

.rel.tls
 *(.rel.tls)

.rel.bss
 *(.rel.bss)

.rel.ifunc
 *(.rel.ifunc)

.rel.plt
 *(.rel.plt)

.relr.dyn
 *(.relr.dyn)

.init
 *(SORT_NONE(.init))

.plt
 *(.plt)

.plt.got
 *(.plt.got)

.plt.sec
 *(.plt.sec)

.text           0x00000000      0x95a
 *(.text .stub)
 .text          0x00000000       0x17 build/kernel.asm.o
                0x00000000                _start
 .text          0x00000017       0xd0 build/kernel.o
                0x00000017                task3
                0x00000029                alrm_handler
                0x0000003a                task1
                0x0000004c                task2
                0x0000006c                kernel_main
 .text          0x000000e7       0xaa build/console.o
                0x000000e7                put_cxy
                0x00000104                clear
                0x00000131                ConsoleInstall
                0x0000013d                put_c
 .text          0x00000191      0x11b build/printk.o
                0x00000191                prin
                0x000001c0                printk
 .text          0x000002ac       0x11 build/panic.o
                0x000002ac                panic
 .text          0x000002bd       0xa2 build/gdt.o
                0x000002bd                setGdtDescriptor
                0x00000310                GdtInstall
 .text          0x0000035f      0x32a build/traps.o
                0x0000035f                double_fault
                0x00000370                debug
                0x00000381                nmi
                0x00000392                int3
                0x000003a3                overflow
                0x000003b4                bounds
                0x000003c5                invalid_op
                0x000003d6                device_not_available
                0x000003e7                coprocessor_segment_overrun
                0x000003f8                invalid_tss
                0x00000409                segment_not_present
                0x0000041a                stack_segment
                0x0000042b                general_protection
                0x0000043c                page_fault
                0x0000044d                reserved
                0x0000045e                coprocessor_error
                0x0000046f                setIdtDescriptor
                0x000004a8                divide_by_zero_error
                0x000004b9                keyboard_handler
                0x000004d5                clock_handler
                0x00000516                TrapsInstall
 *fill*         0x00000689        0x7 
 .text          0x00000690       0x27 build/asm.asm.o
                0x00000690                divide_by_zero_error_stub
                0x00000698                double_fault_stub
                0x000006a3                keyboard_handler_stub
                0x000006ab                clock_handler_stub
 *fill*         0x000006b7        0x9 
 .text          0x000006c0       0x41 build/ioport.asm.o
                0x000006c0                insb
                0x000006c9                insw
                0x000006d3                inl
                0x000006dc                outb
                0x000006e8                outw
                0x000006f5                outl
 .text          0x00000701       0x69 build/pic.o
                0x00000701                remapPIC
 .text          0x0000076a      0x197 build/sched.o
                0x0000076a                blank
                0x0000076d                initTask
                0x000007ee                saveContext
                0x00000848                exec
                0x0000088c                schedule
 .text          0x00000901       0x59 build/signal.o
                0x00000901                signal
                0x00000913                sendsig
                0x00000926                psig
 *(.gnu.warning)

.fini
 *(SORT_NONE(.fini))

.rodata
 *(.rodata)

.rodata.str1.1  0x00000000      0x324
 .rodata.str1.1
                0x00000000       0x67 build/kernel.o
 .rodata.str1.1
                0x00000067       0x48 build/printk.o
 .rodata.str1.1
                0x000000af      0x24f build/traps.o
 .rodata.str1.1
                0x000002fe       0x26 build/signal.o

.rodata1
 *(.rodata1)

.eh_frame_hdr
 *(.eh_frame_hdr)

.eh_frame
 *(.eh_frame)

.sframe
 *(.sframe)

.gcc_except_table
 *(.gcc_except_table)

.gnu_extab
 *(.gnu_extab*)

.exception_ranges
 *(.exception_ranges)

.eh_frame
 *(.eh_frame)

.sframe
 *(.sframe)

.gnu_extab
 *(.gnu_extab)

.gcc_except_table
 *(.gcc_except_table)

.exception_ranges
 *(.exception_ranges)

.tdata
 *(.tdata)

.tbss
 *(.tbss)

.jcr
 *(.jcr)

.dynamic
 *(.dynamic)

.got
 *(.got)

.got.plt
 *(.got.plt)

.data           0x00000000        0x8
 *(.data)
 .data          0x00000000        0x0 build/kernel.o
 .data          0x00000000        0x0 build/console.o
 .data          0x00000000        0x0 build/printk.o
 .data          0x00000000        0x0 build/panic.o
 .data          0x00000000        0x0 build/gdt.o
 .data          0x00000000        0x0 build/traps.o
 .data          0x00000000        0x0 build/pic.o
 .data          0x00000000        0x8 build/sched.o
                0x00000000                next
                0x00000004                current
 .data          0x00000008        0x0 build/signal.o

.data1
 *(.data1)

.bss            0x00000000    0x13740
 *(.bss)
 .bss           0x00000000        0x0 build/kernel.o
 .bss           0x00000000        0xc build/console.o
                0x00000000                vga
                0x00000008                framebuffer
 .bss           0x0000000c        0x0 build/printk.o
 .bss           0x0000000c        0x0 build/panic.o
 *fill*         0x0000000c        0x4 
 .bss           0x00000010    0x10006 build/gdt.o
                0x00000010                gdt_table
                0x00010010                gdtr
 *fill*         0x00010016        0x2 
 .bss           0x00010018      0x80e build/traps.o
                0x00010018                ticks
                0x00010020                idt_table
                0x00010820                idtr
 .bss           0x00010826        0x0 build/pic.o
 *fill*         0x00010826       0x1a 
 .bss           0x00010840     0x2f00 build/sched.o
                0x00010840                tasks
 .bss           0x00013740        0x0 build/signal.o

.stab
 *(.stab)

.stabstr
 *(.stabstr)

.stab.excl
 *(.stab.excl)

.stab.exclstr
 *(.stab.exclstr)

.stab.index
 *(.stab.index)

.stab.indexstr
 *(.stab.indexstr)

.comment        0x00000000       0xab
 *(.comment)
 .comment       0x00000000       0x13 build/kernel.o
 .comment       0x00000013       0x13 build/console.o
 .comment       0x00000026       0x13 build/printk.o
 .comment       0x00000039       0x13 build/panic.o
 .comment       0x0000004c       0x13 build/gdt.o
 .comment       0x0000005f       0x13 build/traps.o
 .comment       0x00000072       0x13 build/pic.o
 .comment       0x00000085       0x13 build/sched.o
 .comment       0x00000098       0x13 build/signal.o

.gnu.build.attributes
 *(.gnu.build.attributes)

.debug
 *(.debug)

.line
 *(.line)

.debug_srcinfo
 *(.debug_srcinfo)

.debug_sfnames
 *(.debug_sfnames)

.debug_aranges  0x00000000      0x120
 *(.debug_aranges)
 .debug_aranges
                0x00000000       0x20 build/kernel.o
 .debug_aranges
                0x00000020       0x20 build/console.o
 .debug_aranges
                0x00000040       0x20 build/printk.o
 .debug_aranges
                0x00000060       0x20 build/panic.o
 .debug_aranges
                0x00000080       0x20 build/gdt.o
 .debug_aranges
                0x000000a0       0x20 build/traps.o
 .debug_aranges
                0x000000c0       0x20 build/pic.o
 .debug_aranges
                0x000000e0       0x20 build/sched.o
 .debug_aranges
                0x00000100       0x20 build/signal.o

.debug_pubnames
 *(.debug_pubnames)

.debug_info     0x00000000     0x17fc
 *(.debug_info)
 .debug_info    0x00000000      0x323 build/kernel.o
 .debug_info    0x00000323      0x15a build/console.o
 .debug_info    0x0000047d      0x365 build/printk.o
 .debug_info    0x000007e2       0x7c build/panic.o
 .debug_info    0x0000085e      0x2c9 build/gdt.o
 .debug_info    0x00000b27      0x5b6 build/traps.o
 .debug_info    0x000010dd       0xee build/pic.o
 .debug_info    0x000011cb      0x3de build/sched.o
 .debug_info    0x000015a9      0x253 build/signal.o

.debug_abbrev   0x00000000      0xb1f
 *(.debug_abbrev)
 .debug_abbrev  0x00000000      0x147 build/kernel.o
 .debug_abbrev  0x00000147       0xfa build/console.o
 .debug_abbrev  0x00000241      0x1d4 build/printk.o
 .debug_abbrev  0x00000415       0x89 build/panic.o
 .debug_abbrev  0x0000049e      0x161 build/gdt.o
 .debug_abbrev  0x000005ff      0x180 build/traps.o
 .debug_abbrev  0x0000077f       0x76 build/pic.o
 .debug_abbrev  0x000007f5      0x1c3 build/sched.o
 .debug_abbrev  0x000009b8      0x167 build/signal.o

.debug_line     0x00000000      0xaa6
 *(.debug_line)
 .debug_line    0x00000000      0x120 build/kernel.o
 .debug_line    0x00000120      0x12e build/console.o
 .debug_line    0x0000024e      0x1f4 build/printk.o
 .debug_line    0x00000442       0x64 build/panic.o
 .debug_line    0x000004a6       0xf3 build/gdt.o
 .debug_line    0x00000599      0x228 build/traps.o
 .debug_line    0x000007c1       0x70 build/pic.o
 .debug_line    0x00000831      0x1cc build/sched.o
 .debug_line    0x000009fd       0xa9 build/signal.o

.debug_frame    0x00000000      0x720
 *(.debug_frame)
 .debug_frame   0x00000000       0xf0 build/kernel.o
 .debug_frame   0x000000f0       0x94 build/console.o
 .debug_frame   0x00000184       0xa8 build/printk.o
 .debug_frame   0x0000022c       0x30 build/panic.o
 .debug_frame   0x0000025c       0x50 build/gdt.o
 .debug_frame   0x000002ac      0x32c build/traps.o
 .debug_frame   0x000005d8       0x84 build/pic.o
 .debug_frame   0x0000065c       0x74 build/sched.o
 .debug_frame   0x000006d0       0x50 build/signal.o

.debug_str      0x00000000      0xf60
 *(.debug_str)
 .debug_str     0x00000000      0x1f6 build/kernel.o
 .debug_str     0x000001f6      0x116 build/console.o
 .debug_str     0x0000030c      0x1d3 build/printk.o
 .debug_str     0x000004df       0xd8 build/panic.o
 .debug_str     0x000005b7      0x16b build/gdt.o
 .debug_str     0x00000722      0x30e build/traps.o
 .debug_str     0x00000a30      0x157 build/pic.o
 .debug_str     0x00000b87      0x24f build/sched.o
 .debug_str     0x00000dd6      0x18a build/signal.o

.debug_loc
 *(.debug_loc)

.debug_macinfo
 *(.debug_macinfo)

.debug_weaknames
 *(.debug_weaknames)

.debug_funcnames
 *(.debug_funcnames)

.debug_typenames
 *(.debug_typenames)

.debug_varnames
 *(.debug_varnames)

.debug_pubtypes
 *(.debug_pubtypes)

.debug_ranges
 *(.debug_ranges)

.debug_addr
 *(.debug_addr)

.debug_line_str
                0x00000000      0x54b
 *(.debug_line_str)
 .debug_line_str
                0x00000000       0xb7 build/kernel.o
 .debug_line_str
                0x000000b7       0x6a build/console.o
 .debug_line_str
                0x00000121       0xdf build/printk.o
 .debug_line_str
                0x00000200       0x77 build/panic.o
 .debug_line_str
                0x00000277       0x5e build/gdt.o
 .debug_line_str
                0x000002d5       0x98 build/traps.o
 .debug_line_str
                0x0000036d       0x71 build/pic.o
 .debug_line_str
                0x000003de       0xeb build/sched.o
 .debug_line_str
                0x000004c9       0x82 build/signal.o

.debug_loclists
                0x00000000      0x372
 *(.debug_loclists)
 .debug_loclists
                0x00000000       0x33 build/kernel.o
 .debug_loclists
                0x00000033       0x44 build/console.o
 .debug_loclists
                0x00000077      0x1fe build/printk.o
 .debug_loclists
                0x00000275       0x8d build/gdt.o
 .debug_loclists
                0x00000302       0x21 build/traps.o
 .debug_loclists
                0x00000323       0x3b build/sched.o
 .debug_loclists
                0x0000035e       0x14 build/signal.o

.debug_macro
 *(.debug_macro)

.debug_names
 *(.debug_names)

.debug_rnglists
                0x00000000       0x5f
 *(.debug_rnglists)
 .debug_rnglists
                0x00000000       0x13 build/console.o
 .debug_rnglists
                0x00000013       0x27 build/printk.o
 .debug_rnglists
                0x0000003a       0x25 build/gdt.o

.debug_str_offsets
 *(.debug_str_offsets)

.debug_sup
 *(.debug_sup)

.gnu.attributes
 *(.gnu.attributes)
OUTPUT(build/kernelfull.o elf32-i386)
